2024-12-16 22:36:06,641 - feature_ablation - INFO - 开始场景的特征消融: None
2024-12-16 22:36:06,641 - feature_ablation - INFO - 测试特征组合: text
2024-12-16 22:36:06,641 - feature_ablation - ERROR - 特征消融 text 出错: 'ExperimentRunner' object has no attribute '_run_single_experiment'
2024-12-16 22:36:06,642 - feature_ablation - INFO - 测试特征组合: structural
2024-12-16 22:36:06,642 - feature_ablation - ERROR - 特征消融 structural 出错: 'ExperimentRunner' object has no attribute '_run_single_experiment'
2024-12-16 22:36:06,642 - feature_ablation - INFO - 测试特征组合: semantic
2024-12-16 22:36:06,642 - feature_ablation - ERROR - 特征消融 semantic 出错: 'ExperimentRunner' object has no attribute '_run_single_experiment'
2024-12-16 22:36:06,642 - feature_ablation - INFO - 测试特征组合: text_structural
2024-12-16 22:36:06,642 - feature_ablation - ERROR - 特征消融 text_structural 出错: 'ExperimentRunner' object has no attribute '_run_single_experiment'
2024-12-16 22:36:06,642 - feature_ablation - INFO - 测试特征组合: text_semantic
2024-12-16 22:36:06,642 - feature_ablation - ERROR - 特征消融 text_semantic 出错: 'ExperimentRunner' object has no attribute '_run_single_experiment'
2024-12-16 22:36:06,642 - feature_ablation - INFO - 测试特征组合: structural_semantic
2024-12-16 22:36:06,642 - feature_ablation - ERROR - 特征消融 structural_semantic 出错: 'ExperimentRunner' object has no attribute '_run_single_experiment'
2024-12-16 22:36:06,642 - feature_ablation - INFO - 测试特征组合: text_structural_semantic
2024-12-16 22:36:06,642 - feature_ablation - ERROR - 特征消融 text_structural_semantic 出错: 'ExperimentRunner' object has no attribute '_run_single_experiment'
2024-12-16 22:58:10,838 - feature_ablation - INFO - 开始场景的特征消融: None
2024-12-16 22:58:10,838 - feature_ablation - INFO - 测试特征组合: text
2024-12-16 22:58:22,919 - feature_ablation - INFO - 特征组合 text 测试完成
2024-12-16 22:58:22,919 - feature_ablation - INFO - 特征组合 text 测试完成
2024-12-16 22:58:22,919 - feature_ablation - INFO - 测试特征组合: structural
2024-12-16 22:58:22,919 - feature_ablation - INFO - 测试特征组合: structural
2024-12-16 22:58:31,446 - feature_ablation - INFO - 特征组合 structural 测试完成
2024-12-16 22:58:31,446 - feature_ablation - INFO - 特征组合 structural 测试完成
2024-12-16 22:58:31,446 - feature_ablation - INFO - 特征组合 structural 测试完成
2024-12-16 22:58:31,446 - feature_ablation - INFO - 测试特征组合: semantic
2024-12-16 22:58:31,446 - feature_ablation - INFO - 测试特征组合: semantic
2024-12-16 22:58:31,446 - feature_ablation - INFO - 测试特征组合: semantic
2024-12-16 23:02:04,865 - feature_ablation - INFO - 特征组合 semantic 测试完成
2024-12-16 23:02:04,865 - feature_ablation - INFO - 特征组合 semantic 测试完成
2024-12-16 23:02:04,865 - feature_ablation - INFO - 特征组合 semantic 测试完成
2024-12-16 23:02:04,865 - feature_ablation - INFO - 特征组合 semantic 测试完成
2024-12-16 23:02:04,865 - feature_ablation - INFO - 测试特征组合: text_structural
2024-12-16 23:02:04,865 - feature_ablation - INFO - 测试特征组合: text_structural
2024-12-16 23:02:04,865 - feature_ablation - INFO - 测试特征组合: text_structural
2024-12-16 23:02:04,865 - feature_ablation - INFO - 测试特征组合: text_structural
2024-12-16 23:02:14,415 - feature_ablation - INFO - 特征组合 text_structural 测试完成
2024-12-16 23:02:14,415 - feature_ablation - INFO - 特征组合 text_structural 测试完成
2024-12-16 23:02:14,415 - feature_ablation - INFO - 特征组合 text_structural 测试完成
2024-12-16 23:02:14,415 - feature_ablation - INFO - 特征组合 text_structural 测试完成
2024-12-16 23:02:14,415 - feature_ablation - INFO - 特征组合 text_structural 测试完成
2024-12-16 23:02:14,416 - feature_ablation - INFO - 测试特征组合: text_semantic
2024-12-16 23:02:14,416 - feature_ablation - INFO - 测试特征组合: text_semantic
2024-12-16 23:02:14,416 - feature_ablation - INFO - 测试特征组合: text_semantic
2024-12-16 23:02:14,416 - feature_ablation - INFO - 测试特征组合: text_semantic
2024-12-16 23:02:14,416 - feature_ablation - INFO - 测试特征组合: text_semantic
2024-12-16 23:05:48,776 - feature_ablation - INFO - 特征组合 text_semantic 测试完成
2024-12-16 23:05:48,776 - feature_ablation - INFO - 特征组合 text_semantic 测试完成
2024-12-16 23:05:48,776 - feature_ablation - INFO - 特征组合 text_semantic 测试完成
2024-12-16 23:05:48,776 - feature_ablation - INFO - 特征组合 text_semantic 测试完成
2024-12-16 23:05:48,776 - feature_ablation - INFO - 特征组合 text_semantic 测试完成
2024-12-16 23:05:48,776 - feature_ablation - INFO - 特征组合 text_semantic 测试完成
2024-12-16 23:05:48,776 - feature_ablation - INFO - 测试特征组合: structural_semantic
2024-12-16 23:05:48,776 - feature_ablation - INFO - 测试特征组合: structural_semantic
2024-12-16 23:05:48,776 - feature_ablation - INFO - 测试特征组合: structural_semantic
2024-12-16 23:05:48,776 - feature_ablation - INFO - 测试特征组合: structural_semantic
2024-12-16 23:05:48,776 - feature_ablation - INFO - 测试特征组合: structural_semantic
2024-12-16 23:05:48,776 - feature_ablation - INFO - 测试特征组合: structural_semantic
2024-12-16 23:09:24,706 - feature_ablation - INFO - 特征组合 structural_semantic 测试完成
2024-12-16 23:09:24,706 - feature_ablation - INFO - 特征组合 structural_semantic 测试完成
2024-12-16 23:09:24,706 - feature_ablation - INFO - 特征组合 structural_semantic 测试完成
2024-12-16 23:09:24,706 - feature_ablation - INFO - 特征组合 structural_semantic 测试完成
2024-12-16 23:09:24,706 - feature_ablation - INFO - 特征组合 structural_semantic 测试完成
2024-12-16 23:09:24,706 - feature_ablation - INFO - 特征组合 structural_semantic 测试完成
2024-12-16 23:09:24,706 - feature_ablation - INFO - 特征组合 structural_semantic 测试完成
2024-12-16 23:09:24,706 - feature_ablation - INFO - 测试特征组合: text_structural_semantic
2024-12-16 23:09:24,706 - feature_ablation - INFO - 测试特征组合: text_structural_semantic
2024-12-16 23:09:24,706 - feature_ablation - INFO - 测试特征组合: text_structural_semantic
2024-12-16 23:09:24,706 - feature_ablation - INFO - 测试特征组合: text_structural_semantic
2024-12-16 23:09:24,706 - feature_ablation - INFO - 测试特征组合: text_structural_semantic
2024-12-16 23:09:24,706 - feature_ablation - INFO - 测试特征组合: text_structural_semantic
2024-12-16 23:09:24,706 - feature_ablation - INFO - 测试特征组合: text_structural_semantic
2024-12-16 23:13:03,049 - feature_ablation - INFO - 特征组合 text_structural_semantic 测试完成
2024-12-16 23:13:03,049 - feature_ablation - INFO - 特征组合 text_structural_semantic 测试完成
2024-12-16 23:13:03,049 - feature_ablation - INFO - 特征组合 text_structural_semantic 测试完成
2024-12-16 23:13:03,049 - feature_ablation - INFO - 特征组合 text_structural_semantic 测试完成
2024-12-16 23:13:03,049 - feature_ablation - INFO - 特征组合 text_structural_semantic 测试完成
2024-12-16 23:13:03,049 - feature_ablation - INFO - 特征组合 text_structural_semantic 测试完成
2024-12-16 23:13:03,049 - feature_ablation - INFO - 特征组合 text_structural_semantic 测试完成
2024-12-16 23:13:03,049 - feature_ablation - INFO - 特征组合 text_structural_semantic 测试完成
2024-12-17 12:09:44,637 - feature_ablation - INFO - 开始场景的特征消融: None
2024-12-17 12:09:44,637 - feature_ablation - INFO - 测试特征组合: text
2024-12-17 12:09:44,637 - feature_ablation - ERROR - 特征消融 text 出错: 'dict' object has no attribute 'feature_config'
2024-12-17 12:09:44,637 - feature_ablation - INFO - 测试特征组合: structural
2024-12-17 12:09:44,637 - feature_ablation - ERROR - 特征消融 structural 出错: 'dict' object has no attribute 'feature_config'
2024-12-17 12:09:44,637 - feature_ablation - INFO - 测试特征组合: semantic
2024-12-17 12:09:44,638 - feature_ablation - ERROR - 特征消融 semantic 出错: 'dict' object has no attribute 'feature_config'
2024-12-17 12:09:44,638 - feature_ablation - INFO - 测试特征组合: text_structural
2024-12-17 12:09:44,638 - feature_ablation - ERROR - 特征消融 text_structural 出错: 'dict' object has no attribute 'feature_config'
2024-12-17 12:09:44,638 - feature_ablation - INFO - 测试特征组合: text_semantic
2024-12-17 12:09:44,638 - feature_ablation - ERROR - 特征消融 text_semantic 出错: 'dict' object has no attribute 'feature_config'
2024-12-17 12:09:44,638 - feature_ablation - INFO - 测试特征组合: structural_semantic
2024-12-17 12:09:44,638 - feature_ablation - ERROR - 特征消融 structural_semantic 出错: 'dict' object has no attribute 'feature_config'
2024-12-17 12:09:44,638 - feature_ablation - INFO - 测试特征组合: text_structural_semantic
2024-12-17 12:09:44,638 - feature_ablation - ERROR - 特征消融 text_structural_semantic 出错: 'dict' object has no attribute 'feature_config'
2024-12-17 14:17:13,852 - feature_ablation - INFO - 开始场景的特征消融: None
2024-12-17 14:17:13,852 - feature_ablation - INFO - 测试特征组合: text
2024-12-17 14:20:34,807 - feature_ablation - INFO - 特征组合 text 测试完成
2024-12-17 14:20:34,807 - feature_ablation - INFO - 特征组合 text 测试完成
2024-12-17 14:20:34,807 - feature_ablation - INFO - 测试特征组合: structural
2024-12-17 14:20:34,807 - feature_ablation - INFO - 测试特征组合: structural
2024-12-17 14:23:50,304 - feature_ablation - INFO - 特征组合 structural 测试完成
2024-12-17 14:23:50,304 - feature_ablation - INFO - 特征组合 structural 测试完成
2024-12-17 14:23:50,304 - feature_ablation - INFO - 特征组合 structural 测试完成
2024-12-17 14:23:50,304 - feature_ablation - INFO - 测试特征组合: semantic
2024-12-17 14:23:50,304 - feature_ablation - INFO - 测试特征组合: semantic
2024-12-17 14:23:50,304 - feature_ablation - INFO - 测试特征组合: semantic
2024-12-17 14:30:40,415 - feature_ablation - INFO - 特征组合 semantic 测试完成
2024-12-17 14:30:40,415 - feature_ablation - INFO - 特征组合 semantic 测试完成
2024-12-17 14:30:40,415 - feature_ablation - INFO - 特征组合 semantic 测试完成
2024-12-17 14:30:40,415 - feature_ablation - INFO - 特征组合 semantic 测试完成
2024-12-17 14:30:40,415 - feature_ablation - INFO - 测试特征组合: text_structural
2024-12-17 14:30:40,415 - feature_ablation - INFO - 测试特征组合: text_structural
2024-12-17 14:30:40,415 - feature_ablation - INFO - 测试特征组合: text_structural
2024-12-17 14:30:40,415 - feature_ablation - INFO - 测试特征组合: text_structural
2024-12-17 14:33:59,055 - feature_ablation - INFO - 特征组合 text_structural 测试完成
2024-12-17 14:33:59,055 - feature_ablation - INFO - 特征组合 text_structural 测试完成
2024-12-17 14:33:59,055 - feature_ablation - INFO - 特征组合 text_structural 测试完成
2024-12-17 14:33:59,055 - feature_ablation - INFO - 特征组合 text_structural 测试完成
2024-12-17 14:33:59,055 - feature_ablation - INFO - 特征组合 text_structural 测试完成
2024-12-17 14:33:59,055 - feature_ablation - INFO - 测试特征组合: text_semantic
2024-12-17 14:33:59,055 - feature_ablation - INFO - 测试特征组合: text_semantic
2024-12-17 14:33:59,055 - feature_ablation - INFO - 测试特征组合: text_semantic
2024-12-17 14:33:59,055 - feature_ablation - INFO - 测试特征组合: text_semantic
2024-12-17 14:33:59,055 - feature_ablation - INFO - 测试特征组合: text_semantic
2024-12-17 14:43:06,781 - feature_ablation - INFO - 特征组合 text_semantic 测试完成
2024-12-17 14:43:06,781 - feature_ablation - INFO - 特征组合 text_semantic 测试完成
2024-12-17 14:43:06,781 - feature_ablation - INFO - 特征组合 text_semantic 测试完成
2024-12-17 14:43:06,781 - feature_ablation - INFO - 特征组合 text_semantic 测试完成
2024-12-17 14:43:06,781 - feature_ablation - INFO - 特征组合 text_semantic 测试完成
2024-12-17 14:43:06,781 - feature_ablation - INFO - 特征组合 text_semantic 测试完成
2024-12-17 14:43:06,781 - feature_ablation - INFO - 测试特征组合: structural_semantic
2024-12-17 14:43:06,781 - feature_ablation - INFO - 测试特征组合: structural_semantic
2024-12-17 14:43:06,781 - feature_ablation - INFO - 测试特征组合: structural_semantic
2024-12-17 14:43:06,781 - feature_ablation - INFO - 测试特征组合: structural_semantic
2024-12-17 14:43:06,781 - feature_ablation - INFO - 测试特征组合: structural_semantic
2024-12-17 14:43:06,781 - feature_ablation - INFO - 测试特征组合: structural_semantic
2024-12-17 14:49:57,906 - feature_ablation - INFO - 特征组合 structural_semantic 测试完成
2024-12-17 14:49:57,906 - feature_ablation - INFO - 特征组合 structural_semantic 测试完成
2024-12-17 14:49:57,906 - feature_ablation - INFO - 特征组合 structural_semantic 测试完成
2024-12-17 14:49:57,906 - feature_ablation - INFO - 特征组合 structural_semantic 测试完成
2024-12-17 14:49:57,906 - feature_ablation - INFO - 特征组合 structural_semantic 测试完成
2024-12-17 14:49:57,906 - feature_ablation - INFO - 特征组合 structural_semantic 测试完成
2024-12-17 14:49:57,906 - feature_ablation - INFO - 特征组合 structural_semantic 测试完成
2024-12-17 14:49:57,906 - feature_ablation - INFO - 测试特征组合: text_structural_semantic
2024-12-17 14:49:57,906 - feature_ablation - INFO - 测试特征组合: text_structural_semantic
2024-12-17 14:49:57,906 - feature_ablation - INFO - 测试特征组合: text_structural_semantic
2024-12-17 14:49:57,906 - feature_ablation - INFO - 测试特征组合: text_structural_semantic
2024-12-17 14:49:57,906 - feature_ablation - INFO - 测试特征组合: text_structural_semantic
2024-12-17 14:49:57,906 - feature_ablation - INFO - 测试特征组合: text_structural_semantic
2024-12-17 14:49:57,906 - feature_ablation - INFO - 测试特征组合: text_structural_semantic
2024-12-17 14:59:08,270 - feature_ablation - INFO - 特征组合 text_structural_semantic 测试完成
2024-12-17 14:59:08,270 - feature_ablation - INFO - 特征组合 text_structural_semantic 测试完成
2024-12-17 14:59:08,270 - feature_ablation - INFO - 特征组合 text_structural_semantic 测试完成
2024-12-17 14:59:08,270 - feature_ablation - INFO - 特征组合 text_structural_semantic 测试完成
2024-12-17 14:59:08,270 - feature_ablation - INFO - 特征组合 text_structural_semantic 测试完成
2024-12-17 14:59:08,270 - feature_ablation - INFO - 特征组合 text_structural_semantic 测试完成
2024-12-17 14:59:08,270 - feature_ablation - INFO - 特征组合 text_structural_semantic 测试完成
2024-12-17 14:59:08,270 - feature_ablation - INFO - 特征组合 text_structural_semantic 测试完成
